// Jest Snapshot v1, https://goo.gl/fbAQLP

exports[`PropertyHost should render PropertyHost correctly 1`] = `
<div
  className="property__host"
>
  <h2
    className="property__host-title"
  >
    Meet the host
  </h2>
  <div
    className="property__host-user user"
  >
    <div
      className="property__host-avatar-wrapper user__avatar-wrapper property__host-avatar-wrapper--pro"
    >
      <img
        alt="James avatar"
        className="property__host-avatar user__avatar"
        height={74}
        src="avatar"
        width={74}
      />
    </div>
    <span
      className="property__host-user-name"
    >
      James
    </span>
  </div>
  <div>
    Childrens content
  </div>
</div>
`;
