// Jest Snapshot v1, https://goo.gl/fbAQLP

exports[`PropertyHost should render PropertyHost correctly 1`] = `
<div
  className="property__host"
>
  <h2
    className="property__host-title"
  >
    Meet the host
  </h2>
  <div
    className="property__host-user user"
  >
    <div
      className="property__avatar-wrapper user__avatar-wrapper property__avatar-wrapper--pro"
    >
      <img
        alt="Alena avatar"
        className="property__avatar user__avatar"
        height={74}
        src="..//user1_avatar"
        width={74}
      />
    </div>
    <span
      className="property__user-name"
    >
      Alena
    </span>
  </div>
  <div>
    Childrens content
  </div>
</div>
`;
