// Jest Snapshot v1, https://goo.gl/fbAQLP

exports[`ReviewsItem should render ReviewsItem correctly 1`] = `
<li
  className="reviews__item"
>
  <div
    className="reviews__user user"
  >
    <div
      className="reviews__avatar-wrapper user__avatar-wrapper reviews__avatar-wrapper--pro"
    >
      <img
        alt="Alena avatar"
        className="reviews__avatar user__avatar"
        height={54}
        src="/user1_avatar"
        width={54}
      />
    </div>
    <span
      className="reviews__user-name"
    >
      Alena
    </span>
  </div>
  <div
    className="reviews__info"
  >
    <div
      className="reviews__rating rating"
    >
      <div
        className="reviews__stars rating__stars"
      >
        <span
          style={
            Object {
              "width": "80%",
            }
          }
        />
        <span
          className="visually-hidden"
        >
          Rating
        </span>
      </div>
    </div>
    <p
      className="reviews__text"
    >
      Relax, rejuvenate and unplug in this ultimate rustic getaway experience in the country.
    </p>
    <time
      className="reviews__time"
      dateTime="2020-03-03"
    >
      March 2020
    </time>
  </div>
</li>
`;
